warning: useless conversion to the same type: `u64`
   --> crates\render-core\src\lib.rs:234:28
    |
234 |     let max_binding_size = u64::from(limits.max_storage_buffer_binding_size);
    |                            ^^^^^^^^^^^^^^^^^^^^^^^^^^^^^^^^^^^^^^^^^^^^^^^^^ help: consider removing `u64::from()`: `limits.max_storage_buffer_binding_size`
    |
    = help: for further information visit https://rust-lang.github.io/rust-clippy/rust-1.96.0/index.html#useless_conversion
    = note: `#[warn(clippy::useless_conversion)]` on by default

warning: this function has too many arguments (8/7)
   --> crates\render-core\src\lib.rs:652:5
    |
652 | /     pub fn readback_texture_bytes(
653 | |         ctx: &GpuContext,
654 | |         encoder: &mut wgpu::CommandEncoder,
655 | |         texture: &wgpu::Texture,
...   |
660 | |         staging: &mut TextureReadback,
661 | |     ) -> Result<(), ReadbackError> {
    | |__________________________________^
    |
    = help: for further information visit https://rust-lang.github.io/rust-clippy/rust-1.96.0/index.html#too_many_arguments
    = note: `#[warn(clippy::too_many_arguments)]` on by default

warning: this `if` statement can be collapsed
   --> crates\color-pipeline\src\lib.rs:692:9
    |
692 | /         if let Some(look) = settings.ocio_look.as_deref() {
693 | |             if !look.is_empty() {
694 | |                 dvt = dvt.with_looks_override(look);
695 | |             }
696 | |         }
    | |_________^
    |
    = help: for further information visit https://rust-lang.github.io/rust-clippy/rust-1.96.0/index.html#collapsible_if
    = note: `#[warn(clippy::collapsible_if)]` on by default
help: collapse nested if block
    |
692 ~         if let Some(look) = settings.ocio_look.as_deref()
693 ~             && !look.is_empty() {
694 |                 dvt = dvt.with_looks_override(look);
695 ~             }
    |

warning: unnecessary closure used with `bool::then`
   --> crates\color-pipeline\src\lib.rs:885:9
    |
885 | /         self.lut_upload_pending
886 | |             .then(|| self.lut_3d.as_ref())
    | |__________________________________________^
    |
    = help: for further information visit https://rust-lang.github.io/rust-clippy/rust-1.96.0/index.html#unnecessary_lazy_evaluations
    = note: `#[warn(clippy::unnecessary_lazy_evaluations)]` on by default
help: use `then_some` instead
    |
886 -             .then(|| self.lut_3d.as_ref())
886 +             .then_some(self.lut_3d.as_ref())
    |

warning: this `if` has identical blocks
    --> crates\media-encoder\src\dialogs\encode\encode.rs:1849:78
     |
1849 |               let output_format = if settings.bit_depth == OutputBitDepth::U16 {
     |  ______________________________________________________________________________^
1850 | |                 PixelFormat::RgbaF32
1851 | |             } else if settings.format.is_hdr() {
     | |_____________^
     |
note: same as this
    --> crates\media-encoder\src\dialogs\encode\encode.rs:1851:48
     |
1851 |               } else if settings.format.is_hdr() {
     |  ________________________________________________^
1852 | |                 PixelFormat::RgbaF32
1853 | |             } else {
     | |_____________^
     = help: for further information visit https://rust-lang.github.io/rust-clippy/rust-1.96.0/index.html#if_same_then_else
     = note: `#[warn(clippy::if_same_then_else)]` on by default

warning: this `if` statement can be collapsed
    --> crates\pt-megakernel\src\compute.rs:3268:9
     |
3268 | /         if restir_active {
3269 | |             if let Some(restir_bgs) = self.restir_bind_groups.as_ref() {
3270 | |                 let frame = self.frame_count;
3271 | |                 let curr_vp = self.last_view_proj.unwrap_or([[0.0; 4]; 4]);
...    |
3421 | |         }
     | |_________^
     |
     = help: for further information visit https://rust-lang.github.io/rust-clippy/rust-1.96.0/index.html#collapsible_if
     = note: `#[warn(clippy::collapsible_if)]` on by default
help: collapse nested if block
     |
3268 ~         if restir_active
3269 ~             && let Some(restir_bgs) = self.restir_bind_groups.as_ref() {
3270 |                 let frame = self.frame_count;
 ...
3419 |                 );
3420 ~             }
     |

warning: this `if` statement can be collapsed
    --> crates\pt-megakernel\src\compute.rs:3562:17
     |
3562 | /                 if pathguide_enabled && !restir_enabled {
3563 | |                     if let (Some(pg), Some(pg_bgs)) = (&self.pathguide, &self.pathguide_bind_groups)
3564 | |                     {
3565 | |                         let (_, sample_pl) = pg.pipelines();
...    |
3576 | |                 }
     | |_________________^
     |
     = help: for further information visit https://rust-lang.github.io/rust-clippy/rust-1.96.0/index.html#collapsible_if
help: collapse nested if block
     |
3562 ~                 if pathguide_enabled && !restir_enabled
3563 ~                     && let (Some(pg), Some(pg_bgs)) = (&self.pathguide, &self.pathguide_bind_groups)
3564 |                     {
 ...
3574 |                         log::trace!("WF pathguide sample: wg={}", wg);
3575 ~                     }
     |

warning: this `if` statement can be collapsed
    --> crates\pt-megakernel\src\compute.rs:3751:21
     |
3751 | /                     if pathguide_enabled {
3752 | |                         if let (Some(pg), Some(pg_bgs)) =
3753 | |                             (&self.pathguide, &self.pathguide_bind_groups)
...    |
3789 | |                     }
     | |_____________________^
     |
     = help: for further information visit https://rust-lang.github.io/rust-clippy/rust-1.96.0/index.html#collapsible_if
help: collapse nested if block
     |
3751 ~                     if pathguide_enabled
3752 ~                         && let (Some(pg), Some(pg_bgs)) =
3753 |                             (&self.pathguide, &self.pathguide_bind_groups)
 ...
3787 |                             log::trace!("WF pathguide update: wg={}", wg);
3788 ~                         }
     |

warning: this `if` statement can be collapsed
    --> crates\pt-megakernel\src\compute.rs:3818:9
     |
3818 | /         if restir_enabled {
3819 | |             if let (Some(rs), Some(restir_bgs)) = (&self.restir, &self.restir_bind_groups) {
3820 | |                 let (_, _, spatial_pl, shade_pl) = rs.pipelines();
3821 | |                 let raygen_pl = wf.pipelines().0;
...    |
4046 | |         }
     | |_________^
     |
     = help: for further information visit https://rust-lang.github.io/rust-clippy/rust-1.96.0/index.html#collapsible_if
help: collapse nested if block
     |
3818 ~         if restir_enabled
3819 ~             && let (Some(rs), Some(restir_bgs)) = (&self.restir, &self.restir_bind_groups) {
3820 |                 let (_, _, spatial_pl, shade_pl) = rs.pipelines();
 ...
4044 |                 );
4045 ~             }
     |

warning: this `if` statement can be collapsed
    --> crates\pt-megakernel\src\compute.rs:3978:25
     |
3978 | /                         if pathguide_enabled {
3979 | |                             if let (Some(pg), Some(pg_bgs)) =
3980 | |                                 (&self.pathguide, &self.pathguide_bind_groups)
...    |
4015 | |                         }
     | |_________________________^
     |
     = help: for further information visit https://rust-lang.github.io/rust-clippy/rust-1.96.0/index.html#collapsible_if
help: collapse nested if block
     |
3978 ~                         if pathguide_enabled
3979 ~                             && let (Some(pg), Some(pg_bgs)) =
3980 |                                 (&self.pathguide, &self.pathguide_bind_groups)
 ...
4013 |                                 pass.dispatch_workgroups(wg, 1, 1);
4014 ~                             }
     |

warning: this `if` statement can be collapsed
    --> crates\pt-megakernel\src\compute.rs:4076:9
     |
4076 | /         if adaptive_enabled {
4077 | |             if let (Some(ad), Some(ad_bgs)) = (&self.adaptive, &self.adaptive_bind_groups) {
4078 | |                 #[repr(C)]
4079 | |                 #[derive(Clone, Copy, bytemuck::Pod, bytemuck::Zeroable)]
...    |
4149 | |         }
     | |_________^
     |
     = help: for further information visit https://rust-lang.github.io/rust-clippy/rust-1.96.0/index.html#collapsible_if
help: collapse nested if block
     |
4076 ~         if adaptive_enabled
4077 ~             && let (Some(ad), Some(ad_bgs)) = (&self.adaptive, &self.adaptive_bind_groups) {
4078 |                 #[repr(C)]
 ...
4147 |                 }
4148 ~             }
     |

warning: this `if` statement can be collapsed
   --> crates\render-3d\src\renderer3d\material_cache.rs:482:5
    |
482 | /     if let Some(entry) = cache_slot {
483 | |         if entry.key == key && entry.material_ids.len() == instances.len() {
484 | |             let pt_instances = build_pt_instances(instances, &entry.material_ids);
485 | |             return (Arc::clone(&entry.materials), pt_instances);
486 | |         }
487 | |     }
    | |_____^
    |
    = help: for further information visit https://rust-lang.github.io/rust-clippy/rust-1.96.0/index.html#collapsible_if
    = note: `#[warn(clippy::collapsible_if)]` on by default
help: collapse nested if block
    |
482 ~     if let Some(entry) = cache_slot
483 ~         && entry.key == key && entry.material_ids.len() == instances.len() {
484 |             let pt_instances = build_pt_instances(instances, &entry.material_ids);
485 |             return (Arc::clone(&entry.materials), pt_instances);
486 ~         }
    |

warning: this function has too many arguments (8/7)
  --> crates\render-3d\src\renderer3d\render.rs:18:5
   |
18 | /     pub fn render_to_view(
19 | |         &mut self,
20 | |         root: &DirEntry,
21 | |         width: u32,
...  |
26 | |         selected_ids: Option<&mut std::collections::HashSet<u32>>,
27 | |     ) -> Result<(), render_core::ReadbackError> {
   | |_______________________________________________^
   |
   = help: for further information visit https://rust-lang.github.io/rust-clippy/rust-1.96.0/index.html#too_many_arguments
   = note: `#[warn(clippy::too_many_arguments)]` on by default

warning: this `if` statement can be collapsed
  --> crates\render-3d\src\renderer3d\render.rs:71:9
   |
71 | /         if !opts.path_tracing && cache_valid && self.instance_count > 0 {
72 | |             if let Some((px, py)) = self.picking.pending_pick {
73 | |                 self.picking.ensure_readback(&self.ctx.device, width)?;
74 | |                 self.pick_from_existing()?;
...  |
77 | |         }
   | |_________^
   |
   = help: for further information visit https://rust-lang.github.io/rust-clippy/rust-1.96.0/index.html#collapsible_if
help: collapse nested if block
   |
71 ~         if !opts.path_tracing && cache_valid && self.instance_count > 0
72 ~             && let Some((px, py)) = self.picking.pending_pick {
73 |                 self.picking.ensure_readback(&self.ctx.device, width)?;
74 |                 self.pick_from_existing()?;
75 |                 self.picking.request_pick(px, py);
76 ~             }
   |

warning: manual `!Range::contains` implementation
   --> examples\oidn_highlight_probe.rs:143:24
    |
143 |             let dark = x < 8 || x >= W - 8;
    |                        ^^^^^^^^^^^^^^^^^^^ help: use: `!(8..W - 8).contains(&x)`
    |
    = help: for further information visit https://rust-lang.github.io/rust-clippy/rust-1.96.0/index.html#manual_range_contains
    = note: `#[warn(clippy::manual_range_contains)]` on by default

warning: this function has too many arguments (8/7)
   --> src\app\filters.rs:202:1
    |
202 | / fn push_lod_bucket(
203 | |     children: &mut Vec<DirEntry>,
204 | |     src: &DirEntry,
205 | |     min: u64,
...   |
210 | |     file_count: u64,
211 | | ) {
    | |_^
    |
    = help: for further information visit https://rust-lang.github.io/rust-clippy/rust-1.96.0/index.html#too_many_arguments
    = note: `#[warn(clippy::too_many_arguments)]` on by default

warning: unneeded `return` statement
   --> src\app\image_sequence.rs:159:13
    |
159 |             return;
    |             ^^^^^^
    |
    = help: for further information visit https://rust-lang.github.io/rust-clippy/rust-1.96.0/index.html#needless_return
    = note: `#[warn(clippy::needless_return)]` on by default
help: remove `return`
    |
158 -             self.show_encode_panel = false;
159 -             return;
158 +             self.show_encode_panel = false;
    |

warning: this loop could be written as a `while let` loop
   --> src\app\scan_orchestration.rs:485:13
    |
485 | /             loop {
486 | |                 match session.receiver.try_recv() {
487 | |                     Ok(message) => messages.push(message),
488 | |                     Err(TryRecvError::Empty | TryRecvError::Disconnected) => break,
489 | |                 }
490 | |             }
    | |_____________^ help: try: `while let Ok(message) = session.receiver.try_recv() { .. }`
    |
    = help: for further information visit https://rust-lang.github.io/rust-clippy/rust-1.96.0/index.html#while_let_loop
    = note: `#[warn(clippy::while_let_loop)]` on by default

warning: this function has too many arguments (9/7)
   --> src\app\settings\material_presets.rs:110:1
    |
110 | / pub fn make_attrs_from_lobes(
111 | |     base: Vec4,
112 | |     specular: Vec4,
113 | |     transmission: Vec4,
...   |
119 | |     params2: Vec4,
120 | | ) -> Attrs {
    | |__________^
    |
    = help: for further information visit https://rust-lang.github.io/rust-clippy/rust-1.96.0/index.html#too_many_arguments

warning: this `if` statement can be collapsed
  --> src\app\settings\scanner.rs:39:21
   |
39 | /                     if ui.button("Clear cache for current path").on_hover_text(
40 | |                         "Removes the saved scan snapshot from disk for this root. Rescan to rebuild."
41 | |                     ).clicked() {
42 | |                         if let Err(error) = self.clear_current_cache() {
...  |
47 | |                     }
   | |_____________________^
   |
   = help: for further information visit https://rust-lang.github.io/rust-clippy/rust-1.96.0/index.html#collapsible_if
   = note: `#[warn(clippy::collapsible_if)]` on by default
help: collapse nested if block
   |
41 ~                     ).clicked()
42 ~                         && let Err(error) = self.clear_current_cache() {
43 |                             log::warn!("Failed to delete cache: {error}");
44 |                             self.progress.warning =
45 |                                 Some(format!("Cache delete failed: {error}"));
46 ~                         }
   |

warning: this `if` statement can be collapsed
   --> src\app\status_bar.rs:242:21
    |
242 | /                     if let Some(info) = gpu_mem::query() {
243 | |                         if tx.send(info).is_err() {
244 | |                             // Receiver dropped — app shutting down.
245 | |                             break;
246 | |                         }
247 | |                     }
    | |_____________________^
    |
    = help: for further information visit https://rust-lang.github.io/rust-clippy/rust-1.96.0/index.html#collapsible_if
help: collapse nested if block
    |
242 ~                     if let Some(info) = gpu_mem::query()
243 ~                         && tx.send(info).is_err() {
244 |                             // Receiver dropped — app shutting down.
245 |                             break;
246 ~                         }
    |

warning: this `if` statement can be collapsed
   --> src\app\treemap_view.rs:704:13
    |
704 | /             if let Some(r) = self.renderer_3d.as_mut() {
705 | |                 if let Err(error) =
706 | |                     r.composite_overlay(source, &self.render_3d_opts, &self.color_pipeline)
...   |
710 | |             }
    | |_____________^
    |
    = help: for further information visit https://rust-lang.github.io/rust-clippy/rust-1.96.0/index.html#collapsible_if
help: collapse nested if block
    |
704 ~             if let Some(r) = self.renderer_3d.as_mut()
705 ~                 && let Err(error) =
706 |                     r.composite_overlay(source, &self.render_3d_opts, &self.color_pipeline)
707 |                 {
708 |                     log::error!("PT display composite failed: {error}");
709 ~                 }
    |

warning: large size difference between variants
  --> src\cache.rs:71:1
   |
71 | /   pub enum CacheEvent {
72 | | /     Loaded {
73 | | |         generation: u64,
74 | | |         root_id: String,
75 | | |         result: Result<Option<PreparedCache>, String>,
76 | | |     },
   | | |_____- the largest variant contains at least 360 bytes
77 | | /     Stored {
78 | | |         generation: u64,
79 | | |         root_id: String,
80 | | |         result: Result<(), String>,
81 | | |     },
   | | |_____- the second-largest variant contains at least 56 bytes
...  |
86 | |       },
87 | |   }
   | |___^ the entire enum is at least 360 bytes
   |
   = help: for further information visit https://rust-lang.github.io/rust-clippy/rust-1.96.0/index.html#large_enum_variant
   = note: `#[warn(clippy::large_enum_variant)]` on by default
help: consider boxing the large fields or introducing indirection in some other way to reduce the total size of the enum
   |
75 -         result: Result<Option<PreparedCache>, String>,
75 +         result: Box<Result<Option<PreparedCache>, String>>,
   |

warning: field assignment outside of initializer for an instance created with Default::default()
   --> src\cli_test.rs:155:9
    |
155 |         material.emission_color_weight = glam::Vec4::new(4.0, 1.0, 0.25, 1.0);
    |         ^^^^^^^^^^^^^^^^^^^^^^^^^^^^^^^^^^^^^^^^^^^^^^^^^^^^^^^^^^^^^^^^^^^^^^
    |
note: consider initializing the variable with `pt_material::StandardSurfaceParams { emission_color_weight: glam::Vec4::new(4.0, 1.0, 0.25, 1.0), ..Default::default() }` and removing relevant reassignments
   --> src\cli_test.rs:154:9
    |
154 |         let mut material = pt_core::GpuMaterial::default();
    |         ^^^^^^^^^^^^^^^^^^^^^^^^^^^^^^^^^^^^^^^^^^^^^^^^^^^
    = help: for further information visit https://rust-lang.github.io/rust-clippy/rust-1.96.0/index.html#field_reassign_with_default
    = note: `#[warn(clippy::field_reassign_with_default)]` on by default

warning: large size difference between variants
  --> src\scanner.rs:72:1
   |
72 | / pub enum ScanMsg {
73 | |     Progress(ScanProgressUpdate),
   | |     ---------------------------- the second-largest variant contains at least 48 bytes
74 | |     Terminal(ScanOutcome),
   | |     --------------------- the largest variant contains at least 360 bytes
75 | |     #[cfg(windows)]
76 | |     NtfsFallback(String),
77 | | }
   | |_^ the entire enum is at least 360 bytes
   |
   = help: for further information visit https://rust-lang.github.io/rust-clippy/rust-1.96.0/index.html#large_enum_variant
help: consider boxing the large fields or introducing indirection in some other way to reduce the total size of the enum
   |
74 -     Terminal(ScanOutcome),
74 +     Terminal(Box<ScanOutcome>),
   |

