warning: useless conversion to the same type: `u64`
   --> crates\render-core\src\lib.rs:234:28
    |
234 |     let max_binding_size = u64::from(limits.max_storage_buffer_binding_size);
    |                            ^^^^^^^^^^^^^^^^^^^^^^^^^^^^^^^^^^^^^^^^^^^^^^^^^ help: consider removing `u64::from()`: `limits.max_storage_buffer_binding_size`
    |
    = help: for further information visit https://rust-lang.github.io/rust-clippy/rust-1.96.0/index.html#useless_conversion
    = note: `#[warn(clippy::useless_conversion)]` on by default

warning: this function has too many arguments (8/7)
   --> crates\render-core\src\lib.rs:652:5
    |
652 | /     pub fn readback_texture_bytes(
653 | |         ctx: &GpuContext,
654 | |         encoder: &mut wgpu::CommandEncoder,
655 | |         texture: &wgpu::Texture,
...   |
660 | |         staging: &mut TextureReadback,
661 | |     ) -> Result<(), ReadbackError> {
    | |__________________________________^
    |
    = help: for further information visit https://rust-lang.github.io/rust-clippy/rust-1.96.0/index.html#too_many_arguments
    = note: `#[warn(clippy::too_many_arguments)]` on by default

