
running 20 tests
....................
test result: ok. 20 passed; 0 failed; 0 ignored; 0 measured; 0 filtered out; finished in 0.33s


running 1 test
.
test result: ok. 1 passed; 0 failed; 0 ignored; 0 measured; 0 filtered out; finished in 7.34s


running 5 tests
.....
test result: ok. 5 passed; 0 failed; 0 ignored; 0 measured; 0 filtered out; finished in 18.18s


running 2 tests
..
test result: ok. 2 passed; 0 failed; 0 ignored; 0 measured; 0 filtered out; finished in 1.24s


running 5 tests
.....
test result: ok. 5 passed; 0 failed; 0 ignored; 0 measured; 0 filtered out; finished in 0.00s


running 11 tests
..... 5/11
planned_rectangles_cover_each_pixel_once_with_valid_crops --- FAILED
.....
failures:

---- planned_rectangles_cover_each_pixel_once_with_valid_crops stdout ----

thread 'planned_rectangles_cover_each_pixel_once_with_valid_crops' (37224) panicked at crates\oidn-rs\tests\geometry_boundaries.rs:130:71:
called `Result::unwrap()` on an `Err` value: InvalidArgument("invalid tile plan dimensions or metadata")
note: run with `RUST_BACKTRACE=1` environment variable to display a backtrace


failures:
    planned_rectangles_cover_each_pixel_once_with_valid_crops

test result: FAILED. 10 passed; 1 failed; 0 ignored; 0 measured; 0 filtered out; finished in 0.00s

