error: unresolved link to `Self::set_color`
  --> crates\oidn-rs\src\filters\rt.rs:14:38
   |
14 | //! - **Legacy `Image<'_>` mode.** [`Self::set_color`] / [`Self::set_albedo`]
   |                                      ^^^^^^^^^^^^^^^ no item named `set_color` in module `rt`
   |
   = note: `-D rustdoc::broken-intra-doc-links` implied by `-D warnings`
   = help: to override `-D warnings` add `#[allow(rustdoc::broken_intra_doc_links)]`

error: unresolved link to `Self::set_albedo`
  --> crates\oidn-rs\src\filters\rt.rs:14:60
   |
14 | //! - **Legacy `Image<'_>` mode.** [`Self::set_color`] / [`Self::set_albedo`]
   |                                                            ^^^^^^^^^^^^^^^^ no item named `set_albedo` in module `rt`

error: unresolved link to `Self::set_normal`
  --> crates\oidn-rs\src\filters\rt.rs:15:11
   |
15 | //!   / [`Self::set_normal`] take byte-backed images; [`Self::allocate_output`]
   |           ^^^^^^^^^^^^^^^^ no item named `set_normal` in module `rt`

error: unresolved link to `Self::allocate_output`
  --> crates\oidn-rs\src\filters\rt.rs:15:57
   |
15 | //!   / [`Self::set_normal`] take byte-backed images; [`Self::allocate_output`]
   |                                                         ^^^^^^^^^^^^^^^^^^^^^ no item named `allocate_output` in module `rt`

error: unresolved link to `Self::take_output`
  --> crates\oidn-rs\src\filters\rt.rs:16:38
   |
16 | //!   reserves a host-side buffer; [`Self::take_output`] returns those bytes.
   |                                      ^^^^^^^^^^^^^^^^^ no item named `take_output` in module `rt`

error: unresolved link to `Self::set_color_tensor`
  --> crates\oidn-rs\src\filters\rt.rs:18:26
   |
18 | //! - **Tensor mode.** [`Self::set_color_tensor`] etc. take a Burn
   |                          ^^^^^^^^^^^^^^^^^^^^^^ no item named `set_color_tensor` in module `rt`

error: unresolved link to `Self::allocate_output_tensor`
  --> crates\oidn-rs\src\filters\rt.rs:19:44
   |
19 | //!   `Tensor<4>` (`[1, 3, H, W]` NCHW). [`Self::allocate_output_tensor`]
   |                                            ^^^^^^^^^^^^^^^^^^^^^^^^^^^^ no item named `allocate_output_tensor` in module `rt`

error: unresolved link to `Self::take_output_tensor`
  --> crates\oidn-rs\src\filters\rt.rs:20:36
   |
20 | //!   declares the output shape; [`Self::take_output_tensor`] returns the
   |                                    ^^^^^^^^^^^^^^^^^^^^^^^^ no item named `take_output_tensor` in module `rt`

error: public documentation for `gpu_ops` links to private item `preprocess_input`
 --> crates\oidn-rs\src\gpu_ops.rs:3:9
  |
3 | //! - [`preprocess_input`] / [`postprocess_color`] wrap the transfer-function
  |         ^^^^^^^^^^^^^^^^ this item is private
  |
  = note: this link will resolve properly if you pass `--document-private-items`
  = note: `-D rustdoc::private-intra-doc-links` implied by `-D warnings`
  = help: to override `-D warnings` add `#[allow(rustdoc::private_intra_doc_links)]`

error: public documentation for `gpu_ops` links to private item `postprocess_color`
 --> crates\oidn-rs\src\gpu_ops.rs:3:32
  |
3 | //! - [`preprocess_input`] / [`postprocess_color`] wrap the transfer-function
  |                                ^^^^^^^^^^^^^^^^^ this item is private
  |
  = note: this link will resolve properly if you pass `--document-private-items`

error: public documentation for `apply_transfer_forward` links to private item `preprocess_input`
   --> crates\oidn-rs\src\gpu_ops.rs:105:7
    |
105 | /// [`preprocess_input`] is responsible for ordering those ops to match the
    |       ^^^^^^^^^^^^^^^^ this item is private
    |
    = note: this link will resolve properly if you pass `--document-private-items`

error: public documentation for `apply_transfer_inverse` links to private item `postprocess_color`
   --> crates\oidn-rs\src\gpu_ops.rs:117:7
    |
117 | /// [`postprocess_color`] for the full reference-ordered sequence.
    |       ^^^^^^^^^^^^^^^^^ this item is private
    |
    = note: this link will resolve properly if you pass `--document-private-items`

error: could not document `oidn-rs`
