error: using `chunks_exact` with a constant chunk size
   --> crates\oidn-cli\tests\cli.rs:120:10
    |
120 |         .chunks_exact(4)
    |          ^^^^^^^^^^^^^^^ help: consider using `as_chunks` instead: `as_chunks::<4>().0.iter()`
    |
    = help: for further information visit https://rust-lang.github.io/rust-clippy/rust-1.99.0/index.html#chunks_exact_to_as_chunks
    = note: `-D clippy::chunks-exact-to-as-chunks` implied by `-D warnings`
    = help: to override `-D warnings` add `#[allow(clippy::chunks_exact_to_as_chunks)]`

error: could not compile `oidn-cli` (test "cli") due to 1 previous error
error: using `chunks_exact_mut` with a constant chunk size
   --> crates\oidn-rs\tests\..\..\oidn-cli\src\support.rs:108:19
    |
108 |     for px in buf.chunks_exact_mut(3) {
    |                   ^^^^^^^^^^^^^^^^^^^ help: consider using `as_chunks_mut` instead: `as_chunks_mut::<3>().0`
    |
    = help: for further information visit https://rust-lang.github.io/rust-clippy/rust-1.99.0/index.html#chunks_exact_to_as_chunks
    = note: `-D clippy::chunks-exact-to-as-chunks` implied by `-D warnings`
    = help: to override `-D warnings` add `#[allow(clippy::chunks_exact_to_as_chunks)]`

error: using `chunks_exact` with a constant chunk size
   --> crates\oidn-rs\tests\multi_tile_wgpu.rs:260:14
    |
260 |             .chunks_exact(4)
    |              ^^^^^^^^^^^^^^^ help: consider using `as_chunks` instead: `as_chunks::<4>().0.iter()`
    |
    = help: for further information visit https://rust-lang.github.io/rust-clippy/rust-1.99.0/index.html#chunks_exact_to_as_chunks
    = note: `-D clippy::chunks-exact-to-as-chunks` implied by `-D warnings`
    = help: to override `-D warnings` add `#[allow(clippy::chunks_exact_to_as_chunks)]`

error: using `chunks_exact` with a constant chunk size
  --> crates\oidn-rs\tests\pipeline_contracts.rs:34:10
   |
34 |         .chunks_exact(4)
   |          ^^^^^^^^^^^^^^^ help: consider using `as_chunks` instead: `as_chunks::<4>().0.iter()`
   |
   = help: for further information visit https://rust-lang.github.io/rust-clippy/rust-1.99.0/index.html#chunks_exact_to_as_chunks
   = note: `-D clippy::chunks-exact-to-as-chunks` implied by `-D warnings`
   = help: to override `-D warnings` add `#[allow(clippy::chunks_exact_to_as_chunks)]`

error: using `chunks_exact` with a constant chunk size
   --> crates\oidn-rs\tests\pipeline_contracts.rs:202:14
    |
202 |             .chunks_exact(3)
    |              ^^^^^^^^^^^^^^^ help: consider using `as_chunks` instead: `as_chunks::<3>().0.iter()`
    |
    = help: for further information visit https://rust-lang.github.io/rust-clippy/rust-1.99.0/index.html#chunks_exact_to_as_chunks

error: using `chunks_exact` with a constant chunk size
   --> crates\oidn-rs\tests\pipeline_contracts.rs:236:10
    |
236 |         .chunks_exact(3)
    |          ^^^^^^^^^^^^^^^ help: consider using `as_chunks` instead: `as_chunks::<3>().0.iter()`
    |
    = help: for further information visit https://rust-lang.github.io/rust-clippy/rust-1.99.0/index.html#chunks_exact_to_as_chunks

error: could not compile `oidn-rs` (test "e2e_ldr") due to 1 previous error
error: doc list item without indentation
  --> crates\oidn-rs\examples\bench.rs:16:5
   |
16 | //!    what the production loop pays.
   |     ^^^
   |
   = help: if this is supposed to be its own paragraph, add a blank line
   = help: for further information visit https://rust-lang.github.io/rust-clippy/rust-1.99.0/index.html#doc_lazy_continuation
   = note: `-D clippy::doc-lazy-continuation` implied by `-D warnings`
   = help: to override `-D warnings` add `#[allow(clippy::doc_lazy_continuation)]`
help: indent this line
   |
16 | //!      what the production loop pays.
   |        ++

error: using `chunks_exact_mut` with a constant chunk size
   --> crates\oidn-rs\examples\..\..\oidn-cli\src\support.rs:108:19
    |
108 |     for px in buf.chunks_exact_mut(3) {
    |                   ^^^^^^^^^^^^^^^^^^^ help: consider using `as_chunks_mut` instead: `as_chunks_mut::<3>().0`
    |
    = help: for further information visit https://rust-lang.github.io/rust-clippy/rust-1.99.0/index.html#chunks_exact_to_as_chunks
    = note: `-D clippy::chunks-exact-to-as-chunks` implied by `-D warnings`
    = help: to override `-D warnings` add `#[allow(clippy::chunks_exact_to_as_chunks)]`

error: could not compile `oidn-rs` (test "multi_tile_wgpu") due to 1 previous error
error: could not compile `oidn-rs` (test "pipeline_contracts") due to 3 previous errors
error: using `chunks_exact` with a constant chunk size
   --> crates\oidn-rs\examples\bench.rs:375:10
    |
375 |         .chunks_exact(4)
    |          ^^^^^^^^^^^^^^^ help: consider using `as_chunks` instead: `as_chunks::<4>().0.iter()`
    |
    = help: for further information visit https://rust-lang.github.io/rust-clippy/rust-1.99.0/index.html#chunks_exact_to_as_chunks

error: could not compile `oidn-rs` (test "e2e_wgpu") due to 1 previous error
error: could not compile `oidn-rs` (example "bench") due to 3 previous errors
error: using `chunks_exact` with a constant chunk size
   --> crates\oidn-cli\src\io.rs:157:35
    |
157 |             for (i, px) in pixels.chunks_exact(3).enumerate() {
    |                                   ^^^^^^^^^^^^^^^ help: consider using `as_chunks` instead: `as_chunks::<3>().0.iter()`
    |
    = help: for further information visit https://rust-lang.github.io/rust-clippy/rust-1.99.0/index.html#chunks_exact_to_as_chunks
    = note: `-D clippy::chunks-exact-to-as-chunks` implied by `-D warnings`
    = help: to override `-D warnings` add `#[allow(clippy::chunks_exact_to_as_chunks)]`

error: using `chunks_exact` with a constant chunk size
   --> crates\oidn-cli\src\io.rs:170:30
    |
170 |             for px in pixels.chunks_exact(3) {
    |                              ^^^^^^^^^^^^^^^ help: consider using `as_chunks` instead: `as_chunks::<3>().0`
    |
    = help: for further information visit https://rust-lang.github.io/rust-clippy/rust-1.99.0/index.html#chunks_exact_to_as_chunks

error: using `chunks_exact` with a constant chunk size
   --> crates\oidn-cli\src\io.rs:181:35
    |
181 |             for (i, px) in pixels.chunks_exact(3).enumerate() {
    |                                   ^^^^^^^^^^^^^^^ help: consider using `as_chunks` instead: `as_chunks::<3>().0.iter()`
    |
    = help: for further information visit https://rust-lang.github.io/rust-clippy/rust-1.99.0/index.html#chunks_exact_to_as_chunks

error: using `chunks_exact_mut` with a constant chunk size
   --> crates\oidn-cli\src\support.rs:108:19
    |
108 |     for px in buf.chunks_exact_mut(3) {
    |                   ^^^^^^^^^^^^^^^^^^^ help: consider using `as_chunks_mut` instead: `as_chunks_mut::<3>().0`
    |
    = help: for further information visit https://rust-lang.github.io/rust-clippy/rust-1.99.0/index.html#chunks_exact_to_as_chunks

error: large size difference between variants
  --> crates\oidn-cli\src\main.rs:44:1
   |
44 | /  enum Cmd {
45 | |      /// Print the tensor list of a TZA weights file.
46 | |      Probe {
47 | |          /// Path to a `.tza` file from the oidn-weights submodule.
...  |
56 | |      Denoise(DenoiseArgs),
   | |      -------------------- the largest variant contains at least 272 bytes
...  |
59 | |/     Bench {
60 | ||         /// Resolution as `WIDTHxHEIGHT` (e.g. `1920x1080`).
61 | ||         #[arg(short, long, default_value = "1024x1024")]
62 | ||         resolution: String,
...  ||
78 | ||         threads: Option<u32>,
79 | ||     },
   | ||_____- the second-largest variant contains at least 69 bytes
...  |
82 | |      ListDevices,
83 | |  }
   | |__^ the entire enum is at least 272 bytes
   |
   = help: for further information visit https://rust-lang.github.io/rust-clippy/rust-1.99.0/index.html#large_enum_variant
   = note: `-D clippy::large-enum-variant` implied by `-D warnings`
   = help: to override `-D warnings` add `#[allow(clippy::large_enum_variant)]`
help: consider boxing the large fields or introducing indirection in some other way to reduce the total size of the enum
   |
56 -     Denoise(DenoiseArgs),
56 +     Denoise(Box<DenoiseArgs>),
   |

error: using `chunks_exact` with a constant chunk size
   --> crates\oidn-cli\src\main.rs:470:10
    |
470 |         .chunks_exact(4)
    |          ^^^^^^^^^^^^^^^ help: consider using `as_chunks` instead: `as_chunks::<4>().0.iter()`
    |
    = help: for further information visit https://rust-lang.github.io/rust-clippy/rust-1.99.0/index.html#chunks_exact_to_as_chunks

error: could not compile `oidn-cli` (bin "oidn-rs" test) due to 6 previous errors
error: could not compile `oidn-cli` (bin "oidn-rs") due to 6 previous errors
