    Blocking waiting for file lock on package cache
    Blocking waiting for file lock on package cache
    Blocking waiting for file lock on package cache
   Compiling serde_core v1.0.229
   Compiling autocfg v1.5.1
    Checking cfg-if v1.0.4
   Compiling libm v0.2.16
   Compiling serde v1.0.229
   Compiling version_check v0.9.5
   Compiling ident_case v1.0.1
   Compiling fnv v1.0.7
    Checking once_cell v1.21.4
    Checking memchr v2.8.3
   Compiling paste v1.0.15
   Compiling cfg_aliases v0.2.2
    Checking windows-link v0.2.1
    Checking rand_core v0.10.1
   Compiling getrandom v0.4.3
   Compiling portable-atomic v1.14.0
    Checking scopeguard v1.2.0
   Compiling unicode-segmentation v1.13.3
    Checking cpufeatures v0.3.0
   Compiling parking_lot_core v0.9.12
    Checking equivalent v1.0.2
    Checking winnow v1.0.4
   Compiling unicode-xid v0.2.6
   Compiling syn v2.0.119
   Compiling serde_derive v1.0.229
    Checking allocator-api2 v0.2.21
    Checking foldhash v0.2.0
    Checking bitflags v2.13.1
   Compiling cubecl-common v0.11.0-pre.1 (https://github.com/tracel-ai/cubecl?rev=31c5506cfc1dd9d350124910fb51cee8b54a31e1#31c5506c)
    Checking lock_api v0.4.14
    Checking toml_writer v1.1.2+spec-1.1.0
    Checking rustc-demangle v0.1.28
    Checking pulp-wasm-simd-flag v0.1.1
    Checking chacha20 v0.10.1
   Compiling dyn-stack-macros v0.1.3
    Checking futures-core v0.3.33
    Checking futures-io v0.3.33
    Checking raw-cpuid v11.6.0
    Checking parking v2.2.1
    Checking fastrand v2.5.0
   Compiling pulp v0.22.3
   Compiling ahash v0.8.12
    Checking pin-project-lite v0.2.17
    Checking reborrow v0.5.5
    Checking backtrace v0.3.76
    Checking thiserror v2.0.19
    Checking embassy-futures v0.1.2
    Checking oneshot v0.2.1
    Checking toml_parser v1.1.2+spec-1.1.0
    Checking web-time v1.1.0
   Compiling seq-macro v0.3.6
   Compiling num-traits v0.2.19
    Checking hashbrown v0.17.1
    Checking bytes v1.12.1
    Checking rand v0.10.2
    Checking log v0.4.33
   Compiling convert_case v0.10.0
    Checking futures-lite v2.6.1
    Checking uuid v1.24.0
    Checking nom v8.0.0
    Checking data-encoding v2.11.0
   Compiling crunchy v0.2.4
   Compiling strsim v0.11.1
   Compiling tiny-keccak v2.0.2
   Compiling semver v1.0.28
   Compiling matrixmultiply v0.3.11
    Checking rawpointer v0.2.1
   Compiling getrandom v0.2.17
   Compiling rustc_version v0.4.1
    Checking moddef v0.3.0
   Compiling burn-ndarray v0.22.0-pre.1 (https://github.com/tracel-ai/burn?rev=93e63e8e9cf215ffb870ed62132961588a774096#93e63e8e)
    Checking atomic_float v1.1.0
   Compiling burn-dispatch v0.22.0-pre.1 (https://github.com/tracel-ai/burn?rev=93e63e8e9cf215ffb870ed62132961588a774096#93e63e8e)
    Checking ciborium-io v0.2.2
   Compiling zmij v1.0.23
    Checking aho-corasick v1.1.4
    Checking windows-sys v0.61.2
    Checking regex-syntax v0.8.11
   Compiling serde_json v1.0.151
    Checking itoa v1.0.18
    Checking byteorder v1.5.0
    Checking spin v0.10.1
   Compiling macerator v0.3.3
   Compiling const-random-macro v0.1.16
    Checking const-random v0.1.18
    Checking colored v3.1.1
    Checking rand_distr v0.6.0
    Checking num-integer v0.1.46
    Checking serde_spanned v1.1.1
    Checking toml_datetime v1.1.1+spec-1.1.0
    Checking serde_bytes v0.11.19
    Checking hashbrown v0.16.1
    Checking regex-automata v0.4.16
    Checking toml v1.1.3+spec-1.1.0
    Checking smallvec v1.15.2
    Checking tynm v0.2.0
    Checking parking_lot v0.12.5
   Compiling darling_core v0.21.3
   Compiling darling_core v0.20.11
   Compiling bytemuck_derive v1.11.0
   Compiling zerocopy-derive v0.8.55
   Compiling derive-new v0.7.0
   Compiling derive_more-impl v2.1.1
    Checking regex v1.13.1
    Checking cubecl-zspace v0.11.0-pre.1 (https://github.com/tracel-ai/cubecl?rev=31c5506cfc1dd9d350124910fb51cee8b54a31e1#31c5506c)
   Compiling burn-derive v0.22.0-pre.1 (https://github.com/tracel-ai/burn?rev=93e63e8e9cf215ffb870ed62132961588a774096#93e63e8e)
   Compiling darling_macro v0.20.11
    Checking bytemuck v1.25.2
    Checking zerocopy v0.8.55
   Compiling darling_macro v0.21.3
    Checking num-complex v0.4.6
    Checking dyn-stack v0.13.2
   Compiling darling v0.20.11
   Compiling macerator-macros v0.1.5
   Compiling darling v0.21.3
    Checking ndarray v0.17.2
   Compiling enumset_derive v0.15.0
    Checking derive_more v2.1.1
    Checking enumset v1.1.14
    Checking half v2.7.1
    Checking gemm-common v0.19.0
    Checking ciborium-ll v0.2.2
    Checking oidn-tza v0.1.0 (C:\projects\projects.rust.cg\cglibs\oidn-rs\crates\oidn-tza)
    Checking ciborium v0.2.2
    Checking gemm-f32 v0.19.0
    Checking gemm-c32 v0.19.0
    Checking gemm-f64 v0.19.0
    Checking gemm-c64 v0.19.0
    Checking gemm-f16 v0.19.0
    Checking burn-std v0.22.0-pre.1 (https://github.com/tracel-ai/burn?rev=93e63e8e9cf215ffb870ed62132961588a774096#93e63e8e)
    Checking gemm v0.19.0
    Checking burn-backend v0.22.0-pre.1 (https://github.com/tracel-ai/burn?rev=93e63e8e9cf215ffb870ed62132961588a774096#93e63e8e)
    Checking burn-pack v0.22.0-pre.1 (https://github.com/tracel-ai/burn?rev=93e63e8e9cf215ffb870ed62132961588a774096#93e63e8e)
    Checking burn-ir v0.22.0-pre.1 (https://github.com/tracel-ai/burn?rev=93e63e8e9cf215ffb870ed62132961588a774096#93e63e8e)
    Checking burn-autodiff v0.22.0-pre.1 (https://github.com/tracel-ai/burn?rev=93e63e8e9cf215ffb870ed62132961588a774096#93e63e8e)
    Checking burn-flex v0.22.0-pre.1 (https://github.com/tracel-ai/burn?rev=93e63e8e9cf215ffb870ed62132961588a774096#93e63e8e)
    Checking burn-tensor v0.22.0-pre.1 (https://github.com/tracel-ai/burn?rev=93e63e8e9cf215ffb870ed62132961588a774096#93e63e8e)
    Checking burn-core v0.22.0-pre.1 (https://github.com/tracel-ai/burn?rev=93e63e8e9cf215ffb870ed62132961588a774096#93e63e8e)
    Checking burn-nn v0.22.0-pre.1 (https://github.com/tracel-ai/burn?rev=93e63e8e9cf215ffb870ed62132961588a774096#93e63e8e)
    Checking burn v0.22.0-pre.1 (https://github.com/tracel-ai/burn?rev=93e63e8e9cf215ffb870ed62132961588a774096#93e63e8e)
    Checking oidn-model v0.1.0 (C:\projects\projects.rust.cg\cglibs\oidn-rs\crates\oidn-model)
    Finished `dev` profile [optimized + debuginfo] target(s) in 43.81s
