[2026-10-02T19:38:26.168Z INFO  squarebob] squarebob-rs starting (log level: info)
[2026-10-02T19:38:26.168Z INFO  squarebob] CLI mode: Mode3D
[2026-10-02T19:38:26.168Z INFO  squarebob] Screenshot mode: delay=20s, path="C:/projects/projects.rust.cg/cglibs/oidn-rs/bughunt/squarebob_pq_window_pt_cpu.png"
[2026-10-02T19:38:26.331Z WARN  wgpu_hal::vulkan::instance] GENERAL [Loader Message (0x0)]
    	Layer VK_LAYER_bandicam_helper uses API version 1.2 which is older than the application specified API version of 1.3. May cause issues.
[2026-10-02T19:38:26.331Z WARN  wgpu_hal::vulkan::instance] 	objects: (type: INSTANCE, hndl: 0x1f66af87c60, name: ?)
[2026-10-02T19:38:27.589Z INFO  squarebob::app::presets] Loaded 8 presets from C:\Users\joss1\.squarebob\presets.json
[2026-10-02T19:38:27.591Z INFO  squarebob::app] wgpu limits: max_storage_buffer_binding_size=2147483644, max_storage_buffers_per_shader_stage=524288, max_uniform_buffers_per_shader_stage=524288, max_bind_groups=8, max_texture_dimension_2d=32768, max_buffer_size=4294967295, min_uniform_buffer_offset_alignment=64, min_storage_buffer_offset_alignment=32
[2026-10-02T19:38:27.591Z INFO  squarebob::scanner] Scan started: "\\\\?\\C:\\projects\\projects.rust.cg\\cglibs\\oidn-rs\\bughunt\\display_window_fixture"
[2026-10-02T19:38:27.592Z INFO  squarebob::cache] Cache loaded: "C:\\Users\\joss1\\AppData\\Local\\squarebob-rs\\cache\\a6bfad3668456e2c3ef2410ad4e2eb104626f5f8ce5577df8f2305fd6ece0ae4.bin" (12 files)
[2026-10-02T19:38:27.647Z INFO  squarebob::display_host] Display output: HDR10 (PQ) (Rgb10a2Unorm, Bt2100Pq)
[2026-10-02T19:38:27.720Z INFO  squarebob::app::scan_orchestration] Loaded cache preview for generation 1: 12 files
[2026-10-02T19:38:27.720Z INFO  squarebob::app::scan_orchestration] Scan generation 1 complete: 12 files
[2026-10-02T19:38:27.724Z INFO  squarebob::cache] Cache saved: "C:\\Users\\joss1\\AppData\\Local\\squarebob-rs\\cache\\a6bfad3668456e2c3ef2410ad4e2eb104626f5f8ce5577df8f2305fd6ece0ae4.bin" (2483 bytes)
[2026-10-02T19:38:27.891Z WARN  wgpu_hal::vulkan::instance] PERFORMANCE [WARNING-Shader-OutputNotConsumed (0xc81ad50e)]
    	vkCreateGraphicsPipelines(): pCreateInfos[0].pVertexInputState Vertex attribute at location 9 not consumed by vertex shader.
[2026-10-02T19:38:27.891Z WARN  wgpu_hal::vulkan::instance] 	objects: (type: SHADER_MODULE, hndl: 0x7a000000007a, name: ?)
[2026-10-02T19:38:27.893Z WARN  wgpu_hal::vulkan::instance] PERFORMANCE [WARNING-Shader-OutputNotConsumed (0xc81ad50e)]
    	vkCreateGraphicsPipelines(): pCreateInfos[0].pVertexInputState Vertex attribute at location 9 not consumed by vertex shader.
[2026-10-02T19:38:27.893Z WARN  wgpu_hal::vulkan::instance] 	objects: (type: SHADER_MODULE, hndl: 0x7e000000007e, name: ?)
[2026-10-02T19:38:31.000Z INFO  squarebob::app::treemap_view] 3D frame: render=303.2ms tex=601.1ms total=904.2ms
[2026-10-02T19:38:31.795Z INFO  squarebob::app::treemap_view] 3D frame: render=19.1ms tex=599.8ms total=618.9ms
[2026-10-02T19:38:31.813Z INFO  squarebob::display_host] Display output: HDR10 (PQ) (Rgb10a2Unorm, Bt2100Pq)
[2026-10-02T19:38:32.437Z INFO  squarebob::app::treemap_view] 3D frame: render=2.8ms tex=605.3ms total=608.1ms
[2026-10-02T19:38:33.091Z INFO  squarebob::app::treemap_view] 3D frame: render=3.1ms tex=633.6ms total=636.7ms
[2026-10-02T19:38:33.735Z INFO  squarebob::app::treemap_view] 3D frame: render=2.6ms tex=627.0ms total=629.7ms
[2026-10-02T19:38:34.377Z INFO  squarebob::app::treemap_view] 3D frame: render=2.7ms tex=623.4ms total=626.1ms
[2026-10-02T19:38:35.070Z INFO  squarebob::app::treemap_view] 3D frame: render=2.5ms tex=676.9ms total=679.5ms
[2026-10-02T19:38:35.740Z INFO  squarebob::app::treemap_view] 3D frame: render=2.8ms tex=652.0ms total=654.7ms
[2026-10-02T19:38:36.432Z INFO  squarebob::app::treemap_view] 3D frame: render=2.8ms tex=673.4ms total=676.2ms
[2026-10-02T19:38:37.135Z INFO  squarebob::app::treemap_view] 3D frame: render=3.0ms tex=684.4ms total=687.4ms
[2026-10-02T19:38:37.838Z INFO  squarebob::app::treemap_view] 3D frame: render=2.8ms tex=683.4ms total=686.2ms
[2026-10-02T19:38:38.570Z INFO  squarebob::app::treemap_view] 3D frame: render=2.9ms tex=711.6ms total=714.5ms
[2026-10-02T19:38:39.295Z INFO  squarebob::app::treemap_view] 3D frame: render=2.6ms tex=706.8ms total=709.4ms
[2026-10-02T19:38:39.978Z INFO  squarebob::app::treemap_view] 3D frame: render=2.6ms tex=664.7ms total=667.4ms
[2026-10-02T19:38:40.633Z INFO  squarebob::app::treemap_view] 3D frame: render=2.7ms tex=637.1ms total=639.8ms
[2026-10-02T19:38:41.290Z INFO  squarebob::app::treemap_view] 3D frame: render=3.0ms tex=639.0ms total=641.9ms
[2026-10-02T19:38:41.926Z INFO  squarebob::app::treemap_view] 3D frame: render=2.6ms tex=617.7ms total=620.3ms
[2026-10-02T19:38:42.564Z INFO  squarebob::app::treemap_view] 3D frame: render=2.5ms tex=621.3ms total=623.9ms
[2026-10-02T19:38:43.203Z INFO  squarebob::app::treemap_view] 3D frame: render=2.4ms tex=621.1ms total=623.5ms
[2026-10-02T19:38:43.843Z INFO  squarebob::app::treemap_view] 3D frame: render=2.3ms tex=622.0ms total=624.4ms
[2026-10-02T19:38:44.481Z INFO  squarebob::app::treemap_view] 3D frame: render=2.2ms tex=621.7ms total=623.9ms
[2026-10-02T19:38:45.103Z INFO  squarebob::app::treemap_view] 3D frame: render=2.2ms tex=603.8ms total=606.0ms
[2026-10-02T19:38:45.724Z INFO  squarebob::app::treemap_view] 3D frame: render=2.4ms tex=604.0ms total=606.4ms
[2026-10-02T19:38:46.344Z INFO  squarebob::app::treemap_view] 3D frame: render=2.2ms tex=603.6ms total=605.8ms
[2026-10-02T19:38:46.967Z INFO  squarebob::app::treemap_view] 3D frame: render=2.3ms tex=606.7ms total=609.0ms
[2026-10-02T19:38:47.596Z INFO  squarebob::app::treemap_view] 3D frame: render=2.2ms tex=612.2ms total=614.5ms
[2026-10-02T19:38:48.224Z INFO  squarebob::app::treemap_view] 3D frame: render=2.1ms tex=611.5ms total=613.6ms
[2026-10-02T19:38:48.478Z INFO  squarebob::app::screenshot] Taking screenshot: 695x681 -> C:/projects/projects.rust.cg/cglibs/oidn-rs/bughunt/squarebob_pq_window_pt_cpu.png
[2026-10-02T19:38:48.874Z INFO  squarebob::app::screenshot] Screenshot saved: C:/projects/projects.rust.cg/cglibs/oidn-rs/bughunt/squarebob_pq_window_pt_cpu.png
