[2026-10-02T19:48:34.599Z INFO  squarebob] squarebob-rs starting (log level: info)
[2026-10-02T19:48:34.599Z INFO  squarebob] CLI mode: Mode3D
[2026-10-02T19:48:34.599Z INFO  squarebob] Screenshot mode: delay=20s, path="C:/projects/projects.rust.cg/cglibs/oidn-rs/bughunt/squarebob_pq_window_controls.png"
[2026-10-02T19:48:34.751Z WARN  wgpu_hal::vulkan::instance] GENERAL [Loader Message (0x0)]
    	Layer VK_LAYER_bandicam_helper uses API version 1.2 which is older than the application specified API version of 1.3. May cause issues.
[2026-10-02T19:48:34.751Z WARN  wgpu_hal::vulkan::instance] 	objects: (type: INSTANCE, hndl: 0x1c0568b18a0, name: ?)
[2026-10-02T19:48:36.127Z INFO  squarebob::app::presets] Loaded 8 presets from C:\Users\joss1\.squarebob\presets.json
[2026-10-02T19:48:36.133Z INFO  squarebob::app] wgpu limits: max_storage_buffer_binding_size=2147483644, max_storage_buffers_per_shader_stage=524288, max_uniform_buffers_per_shader_stage=524288, max_bind_groups=8, max_texture_dimension_2d=32768, max_buffer_size=4294967295, min_uniform_buffer_offset_alignment=64, min_storage_buffer_offset_alignment=32
[2026-10-02T19:48:36.133Z INFO  squarebob::scanner] Scan started: "\\\\?\\C:\\projects\\projects.rust.cg\\cglibs\\oidn-rs\\bughunt\\display_window_fixture"
[2026-10-02T19:48:36.134Z INFO  squarebob::cache] Cache loaded: "C:\\Users\\joss1\\AppData\\Local\\squarebob-rs\\cache\\a6bfad3668456e2c3ef2410ad4e2eb104626f5f8ce5577df8f2305fd6ece0ae4.bin" (12 files)
[2026-10-02T19:48:36.196Z INFO  squarebob::display_host] Display output: HDR10 (PQ) (Rgb10a2Unorm, Bt2100Pq)
[2026-10-02T19:48:36.269Z INFO  squarebob::app::scan_orchestration] Loaded cache preview for generation 1: 12 files
[2026-10-02T19:48:36.269Z INFO  squarebob::app::scan_orchestration] Scan generation 1 complete: 12 files
[2026-10-02T19:48:36.272Z INFO  squarebob::cache] Cache saved: "C:\\Users\\joss1\\AppData\\Local\\squarebob-rs\\cache\\a6bfad3668456e2c3ef2410ad4e2eb104626f5f8ce5577df8f2305fd6ece0ae4.bin" (2483 bytes)
[2026-10-02T19:48:36.440Z WARN  wgpu_hal::vulkan::instance] PERFORMANCE [WARNING-Shader-OutputNotConsumed (0xc81ad50e)]
    	vkCreateGraphicsPipelines(): pCreateInfos[0].pVertexInputState Vertex attribute at location 9 not consumed by vertex shader.
[2026-10-02T19:48:36.440Z WARN  wgpu_hal::vulkan::instance] 	objects: (type: SHADER_MODULE, hndl: 0x7a000000007a, name: ?)
[2026-10-02T19:48:36.442Z WARN  wgpu_hal::vulkan::instance] PERFORMANCE [WARNING-Shader-OutputNotConsumed (0xc81ad50e)]
    	vkCreateGraphicsPipelines(): pCreateInfos[0].pVertexInputState Vertex attribute at location 9 not consumed by vertex shader.
[2026-10-02T19:48:36.442Z WARN  wgpu_hal::vulkan::instance] 	objects: (type: SHADER_MODULE, hndl: 0x7e000000007e, name: ?)
[2026-10-02T19:48:39.601Z INFO  squarebob::app::treemap_view] 3D frame: render=307.2ms tex=612.0ms total=919.2ms
[2026-10-02T19:48:40.440Z INFO  squarebob::app::treemap_view] 3D frame: render=21.9ms tex=625.6ms total=647.6ms
[2026-10-02T19:48:40.461Z INFO  squarebob::display_host] Display output: HDR10 (PQ) (Rgb10a2Unorm, Bt2100Pq)
[2026-10-02T19:48:41.117Z INFO  squarebob::app::treemap_view] 3D frame: render=2.7ms tex=636.4ms total=639.1ms
[2026-10-02T19:48:41.779Z INFO  squarebob::app::treemap_view] 3D frame: render=3.3ms tex=641.4ms total=644.7ms
[2026-10-02T19:48:42.435Z INFO  squarebob::app::treemap_view] 3D frame: render=2.7ms tex=637.1ms total=639.8ms
[2026-10-02T19:48:43.086Z INFO  squarebob::app::treemap_view] 3D frame: render=2.9ms tex=632.6ms total=635.5ms
[2026-10-02T19:48:43.732Z INFO  squarebob::app::treemap_view] 3D frame: render=2.5ms tex=628.1ms total=630.6ms
[2026-10-02T19:48:44.388Z INFO  squarebob::app::treemap_view] 3D frame: render=2.4ms tex=638.3ms total=640.7ms
[2026-10-02T19:48:45.134Z INFO  squarebob::app::treemap_view] 3D frame: render=2.5ms tex=726.9ms total=729.4ms
[2026-10-02T19:48:45.874Z INFO  squarebob::app::treemap_view] 3D frame: render=2.5ms tex=720.5ms total=723.0ms
[2026-10-02T19:48:46.568Z INFO  squarebob::app::treemap_view] 3D frame: render=2.9ms tex=673.8ms total=676.7ms
[2026-10-02T19:48:47.259Z INFO  squarebob::app::treemap_view] 3D frame: render=2.7ms tex=673.5ms total=676.2ms
[2026-10-02T19:48:47.995Z INFO  squarebob::app::treemap_view] 3D frame: render=2.8ms tex=717.3ms total=720.1ms
[2026-10-02T19:48:48.688Z INFO  squarebob::app::treemap_view] 3D frame: render=2.6ms tex=672.2ms total=674.8ms
[2026-10-02T19:48:49.350Z INFO  squarebob::app::treemap_view] 3D frame: render=2.4ms tex=645.6ms total=648.0ms
[2026-10-02T19:48:50.014Z INFO  squarebob::app::treemap_view] 3D frame: render=2.5ms tex=645.8ms total=648.4ms
[2026-10-02T19:48:50.661Z INFO  squarebob::app::treemap_view] 3D frame: render=2.6ms tex=628.6ms total=631.2ms
[2026-10-02T19:48:51.307Z INFO  squarebob::app::treemap_view] 3D frame: render=2.5ms tex=627.9ms total=630.4ms
[2026-10-02T19:48:51.952Z INFO  squarebob::app::treemap_view] 3D frame: render=2.6ms tex=626.8ms total=629.4ms
[2026-10-02T19:48:52.597Z INFO  squarebob::app::treemap_view] 3D frame: render=2.2ms tex=628.2ms total=630.3ms
[2026-10-02T19:48:53.232Z INFO  squarebob::app::treemap_view] 3D frame: render=2.4ms tex=616.8ms total=619.1ms
[2026-10-02T19:48:53.864Z INFO  squarebob::app::treemap_view] 3D frame: render=2.3ms tex=615.2ms total=617.6ms
[2026-10-02T19:48:54.512Z INFO  squarebob::app::treemap_view] 3D frame: render=2.1ms tex=631.4ms total=633.4ms
[2026-10-02T19:48:55.146Z INFO  squarebob::app::treemap_view] 3D frame: render=2.4ms tex=614.6ms total=617.0ms
[2026-10-02T19:48:55.776Z INFO  squarebob::app::treemap_view] 3D frame: render=2.2ms tex=613.6ms total=615.8ms
[2026-10-02T19:48:56.414Z INFO  squarebob::app::treemap_view] 3D frame: render=2.9ms tex=619.2ms total=622.1ms
[2026-10-02T19:48:56.693Z INFO  squarebob::app::screenshot] Taking screenshot: 695x681 -> C:/projects/projects.rust.cg/cglibs/oidn-rs/bughunt/squarebob_pq_window_controls.png
[2026-10-02T19:48:57.086Z INFO  squarebob::app::screenshot] Screenshot saved: C:/projects/projects.rust.cg/cglibs/oidn-rs/bughunt/squarebob_pq_window_controls.png
